// Jest Snapshot v1, https://goo.gl/fbAQLP

exports[`Button should render successfully 1`] = `
<DocumentFragment>
  <button
    class="styles__ButtonContainer-sc-9v32al-0 kRkStR"
  >
    Button
  </button>
</DocumentFragment>
`;
